#-----------------------------------------------------------
# Vivado v2025.1 (64-bit)
# SW Build 6140274 on Thu May 22 00:12:29 MDT 2025
# IP Build 6138677 on Thu May 22 03:10:11 MDT 2025
# SharedData Build 6139179 on Tue May 20 17:58:58 MDT 2025
# Start of session at: Wed Jun 17 12:38:56 2026
# Process ID         : 19844
# Current directory  : C:/Users/Mikkel/Documents/DTU/02113 digital systems design/Racing-game/basys3-racing-game/vivado/Basys3Game
# Command line       : vivado.exe -gui_launcher_event rodinguilauncherevent26116 C:\Users\Mikkel\Documents\DTU\02113 digital systems design\Racing-game\basys3-racing-game\vivado\Basys3Game\Basys3Game.xpr
# Log file           : C:/Users/Mikkel/Documents/DTU/02113 digital systems design/Racing-game/basys3-racing-game/vivado/Basys3Game/vivado.log
# Journal file       : C:/Users/Mikkel/Documents/DTU/02113 digital systems design/Racing-game/basys3-racing-game/vivado/Basys3Game\vivado.jou
# Running On         : DESKTOP-0FACVVU
# Platform           : Windows Server 2016 or Windows 10
# Operating System   : 26200
# Processor Detail   : AMD Ryzen 7 7840U w/ Radeon  780M Graphics     
# CPU Frequency      : 3294 MHz
# CPU Physical cores : 8
# CPU Logical cores  : 16
# Host memory        : 33618 MB
# Swap memory        : 2415 MB
# Total Virtual      : 36034 MB
# Available Virtual  : 9044 MB
#-----------------------------------------------------------
start_gui
open_project {C:/Users/Mikkel/Documents/DTU/02113 digital systems design/Racing-game/basys3-racing-game/vivado/Basys3Game/Basys3Game.xpr}
update_compile_order -fileset sources_1
reset_run synth_1
launch_runs synth_1 -jobs 8
wait_on_run synth_1
launch_runs impl_1 -jobs 8
wait_on_run impl_1
launch_runs impl_1 -to_step write_bitstream -jobs 8
wait_on_run impl_1
open_hw_manager
connect_hw_server -allow_non_jtag
open_hw_target
set_property PROGRAM.FILE {C:/Users/Mikkel/Documents/DTU/02113 digital systems design/Racing-game/basys3-racing-game/vivado/Basys3Game/Basys3Game.runs/impl_1/Top.bit} [get_hw_devices xc7a35t_0]
current_hw_device [get_hw_devices xc7a35t_0]
refresh_hw_device -update_hw_probes false [lindex [get_hw_devices xc7a35t_0] 0]
set_property PROBES.FILE {} [get_hw_devices xc7a35t_0]
set_property FULL_PROBES.FILE {} [get_hw_devices xc7a35t_0]
set_property PROGRAM.FILE {C:/Users/Mikkel/Documents/DTU/02113 digital systems design/Racing-game/basys3-racing-game/vivado/Basys3Game/Basys3Game.runs/impl_1/Top.bit} [get_hw_devices xc7a35t_0]
program_hw_devices [get_hw_devices xc7a35t_0]
refresh_hw_device [lindex [get_hw_devices xc7a35t_0] 0]
