Copyright 1986-2022 Xilinx, Inc. All Rights Reserved. Copyright 2022-2025 Advanced Micro Devices, Inc. All Rights Reserved.
---------------------------------------------------------------------------------------------------------------------------------------------
| Tool Version : Vivado v.2025.1 (lin64) Build 6140274 Wed May 21 22:58:25 MDT 2025
| Date         : Fri Jun 19 09:02:33 2026
| Host         : halfdan-VivoBook-ASUSLaptop-X421IAY-R438IA running 64-bit Linux Mint 22.3
| Command      : report_control_sets -verbose -file Top_control_sets_placed.rpt
| Design       : Top
| Device       : xc7a35t
---------------------------------------------------------------------------------------------------------------------------------------------

Control Set Information

Table of Contents
-----------------
1. Summary
2. Histogram
3. Flip-Flop Distribution
4. Detailed Control Set Information

1. Summary
----------

+----------------------------------------------------------+-------+
|                          Status                          | Count |
+----------------------------------------------------------+-------+
| Total control sets                                       |    34 |
|    Minimum number of control sets                        |    34 |
|    Addition due to synthesis replication                 |     0 |
|    Addition due to physical synthesis replication        |     0 |
| Unused register locations in slices containing registers |    88 |
+----------------------------------------------------------+-------+
* Control sets can be merged at opt_design using control_set_merge or merge_equivalent_drivers
** Run report_qor_suggestions for automated merging and remapping suggestions


2. Histogram
------------

+--------------------+-------+
|       Fanout       | Count |
+--------------------+-------+
| Total control sets |    34 |
| >= 0 to < 4        |     0 |
| >= 4 to < 6        |     6 |
| >= 6 to < 8        |     3 |
| >= 8 to < 10       |     7 |
| >= 10 to < 12      |     4 |
| >= 12 to < 14      |     3 |
| >= 14 to < 16      |     2 |
| >= 16              |     9 |
+--------------------+-------+
* Control sets can be remapped at either synth_design or opt_design


3. Flip-Flop Distribution
-------------------------

+--------------+-----------------------+------------------------+-----------------+--------------+
| Clock Enable | Synchronous Set/Reset | Asynchronous Set/Reset | Total Registers | Total Slices |
+--------------+-----------------------+------------------------+-----------------+--------------+
| No           | No                    | No                     |             176 |           71 |
| No           | No                    | Yes                    |               0 |            0 |
| No           | Yes                   | No                     |             107 |           38 |
| Yes          | No                    | No                     |               0 |            0 |
| Yes          | No                    | Yes                    |               0 |            0 |
| Yes          | Yes                   | No                     |             341 |          124 |
+--------------+-----------------------+------------------------+-----------------+--------------+


4. Detailed Control Set Information
-----------------------------------

+------------------+----------------------------------------------------------------------------------+-----------------------------------------------------------------------------------------+------------------+----------------+--------------+
|   Clock Signal   |                                   Enable Signal                                  |                                     Set/Reset Signal                                    | Slice Load Count | Bel Load Count | Bels / Slice |
+------------------+----------------------------------------------------------------------------------+-----------------------------------------------------------------------------------------+------------------+----------------+--------------+
|  clock_IBUF_BUFG | gameTop/gameLogic/raceManager/raceScoreboardPrinter/E[0]                         | gameTop/gameLogic/raceManager/playerController/resetReleaseCounter_reg_20_sn_1          |                1 |              4 |         4.00 |
|  clock_IBUF_BUFG | gameTop/gameLogic/selectedTrackReg                                               | gameTop/gameLogic/raceManager/playerController/resetReleaseCounter_reg_20_sn_1          |                1 |              4 |         4.00 |
|  clock_IBUF_BUFG | gameTop/gameLogic/screenLoader/E[0]                                              | gameTop/gameLogic/raceManager/playerController/resetReleaseCounter_reg_20_sn_1          |                2 |              4 |         2.00 |
|  clock_IBUF_BUFG | gameTop/gameLogic/raceManager/raceScoreboardPrinter/xIdx[4]_i_2_n_0              | gameTop/gameLogic/raceManager/raceScoreboardPrinter/xIdx[4]_i_1_n_0                     |                2 |              5 |         2.50 |
|  clock_IBUF_BUFG | gameTop/debounceSampleEn                                                         | gameTop/gameTop_reset                                                                   |                2 |              5 |         2.50 |
|  clock_IBUF_BUFG | gameTop/gameLogic/raceManager/p_0_in                                             | gameTop/gameLogic/raceManager/playerController/FSM_onehot_raceManagerStateReg_reg[3][0] |                2 |              5 |         2.50 |
|  clock_IBUF_BUFG |                                                                                  | gameTop/graphicEngineVGA/backBufferMemory/ramsSpWf/SR[0]                                |                2 |              6 |         3.00 |
|  clock_IBUF_BUFG | gameTop/gameLogic/viewBoxXReg                                                    | gameTop/gameLogic/viewBoxXReg[9]_i_1__0_n_0                                             |                2 |              6 |         3.00 |
|  clock_IBUF_BUFG | gameTop/gameLogic/raceManager/p_0_in                                             | gameTop/gameLogic/raceManager/playerController/resetReleaseCounter_reg_20_sn_1          |                4 |              6 |         1.50 |
|  clock_IBUF_BUFG | gameTop/gameLogic/raceManager/p_0_in                                             | gameTop/gameLogic/raceManager/playerController/SR[0]                                    |                2 |              8 |         4.00 |
|  clock_IBUF_BUFG | gameTop/gameLogic/raceManager/playerController/sprite0AngleReg[7]_i_1_n_0        | gameTop/gameLogic/raceManager/playerController/_GEN_611[23]                             |                2 |              8 |         4.00 |
|  clock_IBUF_BUFG | gameTop/gameLogic/raceManager/frameCounter/digits_1                              | gameTop/gameLogic/raceManager/playerController/resetReleaseCounter_reg_20_sn_1          |                3 |              8 |         2.67 |
|  clock_IBUF_BUFG | gameTop/gameLogic/raceManager/frameCounter/digits_2                              | gameTop/gameLogic/raceManager/playerController/resetReleaseCounter_reg_20_sn_1          |                3 |              8 |         2.67 |
|  clock_IBUF_BUFG | gameTop/gameLogic/raceManager/frameCounter/digits_3_0                            | gameTop/gameLogic/raceManager/playerController/resetReleaseCounter_reg_20_sn_1          |                2 |              8 |         4.00 |
|  clock_IBUF_BUFG | gameTop/gameLogic/raceManager/frameCounter/E[0]                                  | gameTop/gameLogic/raceManager/playerController/resetReleaseCounter_reg_20_sn_1          |                3 |              8 |         2.67 |
|  clock_IBUF_BUFG | gameTop/gameLogic/raceManager/screenAnimationCounter[8]_i_1_n_0                  | gameTop/gameLogic/raceManager/playerController/resetReleaseCounter_reg_20_sn_1          |                2 |              9 |         4.50 |
|  clock_IBUF_BUFG | gameTop/graphicEngineVGA/CounterXReg[9]_i_1_n_0                                  | gameTop/gameLogic/raceManager/playerController/resetReleaseCounter_reg_20_sn_1          |                4 |             10 |         2.50 |
|  clock_IBUF_BUFG | gameTop/graphicEngineVGA/CounterYReg[9]_i_1_n_0                                  | gameTop/gameLogic/raceManager/playerController/resetReleaseCounter_reg_20_sn_1          |                4 |             10 |         2.50 |
|  clock_IBUF_BUFG | gameTop/gameLogic/raceManager/playerController/tilemapRomTileAddrReg[10]_i_1_n_0 | gameTop/gameLogic/raceManager/playerController/resetReleaseCounter_reg_20_sn_1          |                4 |             11 |         2.75 |
|  clock_IBUF_BUFG | gameTop/gameLogic/screenLoader/screenLoader_io_backBufferWriteEnable             | gameTop/gameLogic/screenLoader/address[10]_i_1_n_0                                      |                4 |             11 |         2.75 |
|  clock_IBUF_BUFG |                                                                                  | gameTop/graphicEngineVGA/io_vgaRed_REG[3]_i_1_n_0                                       |                4 |             12 |         3.00 |
|  clock_IBUF_BUFG | gameTop/graphicEngineVGA/_T_7                                                    | gameTop/graphicEngineVGA/clear                                                          |                3 |             12 |         4.00 |
|  clock_IBUF_BUFG | gameTop/graphicEngineVGA/restoreEnabled                                          | gameTop/gameLogic/raceManager/playerController/resetReleaseCounter_reg_20_sn_1          |                3 |             12 |         4.00 |
|  clock_IBUF_BUFG | gameTop/gameLogic/raceManager/raceScoreboardPrinter/backBufferWriteEnableReg     | gameTop/gameLogic/raceManager/playerController/resetReleaseCounter_reg_20_sn_1          |                8 |             14 |         1.75 |
|  clock_IBUF_BUFG |                                                                                  | gameTop/gameTop_reset                                                                   |                2 |             15 |         7.50 |
|  clock_IBUF_BUFG | gameTop/gameLogic/raceManager/playerController/sinReg[15]_i_1_n_0                | gameTop/gameLogic/raceManager/playerController/resetReleaseCounter_reg_20_sn_1          |               14 |             16 |         1.14 |
|  clock_IBUF_BUFG |                                                                                  | gameTop/graphicEngineVGA/frameClockCount[0]_i_1_n_0                                     |                6 |             21 |         3.50 |
|  clock_IBUF_BUFG |                                                                                  | gameTop/debounceCounter[0]_i_1_n_0                                                      |                6 |             21 |         3.50 |
|  clock_IBUF_BUFG | gameTop/gameLogic/raceManager/playerController/resetReleaseCounter_reg_20_sn_1   | gameTop/gameTop_reset                                                                   |                6 |             22 |         3.67 |
|  clock_IBUF_BUFG | gameTop/gameLogic/raceManager/playerController/_playerYPositionReg_T_i_1_n_0     | gameTop/gameLogic/raceManager/playerController/_playerYPositionReg_T_i_2_n_0            |                8 |             30 |         3.75 |
|  clock_IBUF_BUFG |                                                                                  | gameTop/gameLogic/raceManager/playerController/resetReleaseCounter_reg_20_sn_1          |               18 |             32 |         1.78 |
|  clock_IBUF_BUFG | gameTop/graphicEngineVGA/graphicEngineVGA_io_newFrame                            | gameTop/gameLogic/raceManager/playerController/resetReleaseCounter_reg_20_sn_1          |               19 |             44 |         2.32 |
|  clock_IBUF_BUFG | gameTop/gameLogic/raceManager/playerController/playerYPositionReg[25]_i_2_n_0    | gameTop/gameLogic/raceManager/playerController/_GEN_611[23]                             |               14 |             53 |         3.79 |
|  clock_IBUF_BUFG |                                                                                  |                                                                                         |               71 |            180 |         2.54 |
+------------------+----------------------------------------------------------------------------------+-----------------------------------------------------------------------------------------+------------------+----------------+--------------+


