Copyright 1986-2022 Xilinx, Inc. All Rights Reserved. Copyright 2022-2025 Advanced Micro Devices, Inc. All Rights Reserved.
---------------------------------------------------------------------------------------------------------------------------------------------
| Tool Version : Vivado v.2025.1 (win64) Build 6140274 Thu May 22 00:12:29 MDT 2025
| Date         : Mon Jun 15 12:15:52 2026
| Host         : DESKTOP-0FACVVU running 64-bit major release  (build 9200)
| Command      : report_control_sets -verbose -file Top_control_sets_placed.rpt
| Design       : Top
| Device       : xc7a35t
---------------------------------------------------------------------------------------------------------------------------------------------

Control Set Information

Table of Contents
-----------------
1. Summary
2. Histogram
3. Flip-Flop Distribution
4. Detailed Control Set Information

1. Summary
----------

+----------------------------------------------------------+-------+
|                          Status                          | Count |
+----------------------------------------------------------+-------+
| Total control sets                                       |    24 |
|    Minimum number of control sets                        |    24 |
|    Addition due to synthesis replication                 |     0 |
|    Addition due to physical synthesis replication        |     0 |
| Unused register locations in slices containing registers |    75 |
+----------------------------------------------------------+-------+
* Control sets can be merged at opt_design using control_set_merge or merge_equivalent_drivers
** Run report_qor_suggestions for automated merging and remapping suggestions


2. Histogram
------------

+--------------------+-------+
|       Fanout       | Count |
+--------------------+-------+
| Total control sets |    24 |
| >= 0 to < 4        |     0 |
| >= 4 to < 6        |     1 |
| >= 6 to < 8        |     2 |
| >= 8 to < 10       |     1 |
| >= 10 to < 12      |     4 |
| >= 12 to < 14      |     4 |
| >= 14 to < 16      |     1 |
| >= 16              |    11 |
+--------------------+-------+
* Control sets can be remapped at either synth_design or opt_design


3. Flip-Flop Distribution
-------------------------

+--------------+-----------------------+------------------------+-----------------+--------------+
| Clock Enable | Synchronous Set/Reset | Asynchronous Set/Reset | Total Registers | Total Slices |
+--------------+-----------------------+------------------------+-----------------+--------------+
| No           | No                    | No                     |             135 |           58 |
| No           | No                    | Yes                    |               0 |            0 |
| No           | Yes                   | No                     |             114 |           42 |
| Yes          | No                    | No                     |               0 |            0 |
| Yes          | No                    | Yes                    |               0 |            0 |
| Yes          | Yes                   | No                     |             284 |           94 |
+--------------+-----------------------+------------------------+-----------------+--------------+


4. Detailed Control Set Information
-----------------------------------

+------------------+---------------------------------------------------------------------------+-------------------------------------------------------------------------+------------------+----------------+--------------+
|   Clock Signal   |                               Enable Signal                               |                             Set/Reset Signal                            | Slice Load Count | Bel Load Count | Bels / Slice |
+------------------+---------------------------------------------------------------------------+-------------------------------------------------------------------------+------------------+----------------+--------------+
|  clock_IBUF_BUFG | gameTop/debounceSampleEn                                                  | gameTop/gameTop_reset                                                   |                4 |              5 |         1.25 |
|  clock_IBUF_BUFG |                                                                           | gameTop/graphicEngineVGA/p_0_in                                         |                3 |              6 |         2.00 |
|  clock_IBUF_BUFG | gameTop/gameLogic/viewBoxXReg[9]_i_2_n_0                                  | gameTop/gameLogic/viewBoxXReg[9]_i_1_n_0                                |                1 |              6 |         6.00 |
|  clock_IBUF_BUFG | gameTop/gameLogic/raceManager/playerController/sprite0AngleReg[7]_i_1_n_0 | gameTop/graphicEngineVGA/graphicEngineVGA_reset                         |                3 |              8 |         2.67 |
|  clock_IBUF_BUFG | gameTop/gameLogic/raceManager/playerController/tilemapRomTileAddrReg      | gameTop/graphicEngineVGA/graphicEngineVGA_reset                         |                3 |             10 |         3.33 |
|  clock_IBUF_BUFG | gameTop/graphicEngineVGA/CounterXReg[9]_i_1_n_0                           | gameTop/graphicEngineVGA/graphicEngineVGA_reset                         |                4 |             10 |         2.50 |
|  clock_IBUF_BUFG | gameTop/graphicEngineVGA/CounterYReg[9]_i_1_n_0                           | gameTop/graphicEngineVGA/graphicEngineVGA_reset                         |                5 |             10 |         2.00 |
|  clock_IBUF_BUFG | gameTop/gameLogic/screenLoader/E[0]                                       | gameTop/gameLogic/screenLoader/address[10]_i_1_n_0                      |                4 |             11 |         2.75 |
|  clock_IBUF_BUFG |                                                                           | gameTop/gameLogic/FSM_sequential_screenManagerStateReg_reg[2]_0         |                2 |             12 |         6.00 |
|  clock_IBUF_BUFG |                                                                           | gameTop/graphicEngineVGA/io_vgaRed_REG[3]_i_1_n_0                       |                5 |             12 |         2.40 |
|  clock_IBUF_BUFG | gameTop/graphicEngineVGA/_T_7                                             | gameTop/graphicEngineVGA/backMemoryCopyCounter[0]_i_1_n_0               |                3 |             12 |         4.00 |
|  clock_IBUF_BUFG | gameTop/graphicEngineVGA/restoreEnabled                                   | gameTop/graphicEngineVGA/graphicEngineVGA_reset                         |                3 |             12 |         4.00 |
|  clock_IBUF_BUFG |                                                                           | gameTop/gameTop_reset                                                   |                6 |             15 |         2.50 |
|  clock_IBUF_BUFG | gameTop/gameLogic/raceManager/playerController/cosReg[7]_i_1_n_0          | gameTop/graphicEngineVGA/graphicEngineVGA_reset                         |                9 |             16 |         1.78 |
|  clock_IBUF_BUFG | gameTop/gameLogic/raceManager/playerController/viewBoxXReg[9]_i_1__1_n_0  | gameTop/graphicEngineVGA/graphicEngineVGA_reset                         |                6 |             16 |         2.67 |
|  clock_IBUF_BUFG | gameTop/gameLogic/raceManager/playerController/viewBoxYRegTemp[9]_i_1_n_0 | gameTop/graphicEngineVGA/graphicEngineVGA_reset                         |                6 |             19 |         3.17 |
|  clock_IBUF_BUFG |                                                                           | gameTop/debounceCounter[0]_i_1_n_0                                      |                6 |             21 |         3.50 |
|  clock_IBUF_BUFG |                                                                           | gameTop/graphicEngineVGA/frameClockCount[0]_i_1_n_0                     |                6 |             21 |         3.50 |
|  clock_IBUF_BUFG | gameTop/graphicEngineVGA/graphicEngineVGA_reset                           | gameTop/gameTop_reset                                                   |                6 |             22 |         3.67 |
|  clock_IBUF_BUFG |                                                                           | gameTop/graphicEngineVGA/graphicEngineVGA_reset                         |               14 |             27 |         1.93 |
|  clock_IBUF_BUFG | gameTop/gameLogic/raceManager/playerController/_sprite0XReg_T_1_i_1_n_0   | gameTop/gameLogic/raceManager/playerController/_sprite0XReg_T_1_i_2_n_0 |                8 |             30 |         3.75 |
|  clock_IBUF_BUFG | gameTop/graphicEngineVGA/graphicEngineVGA_io_newFrame                     | gameTop/graphicEngineVGA/graphicEngineVGA_reset                         |               15 |             44 |         2.93 |
|  clock_IBUF_BUFG | gameTop/gameLogic/raceManager/playerController/viewBoxYRegTemp[9]_i_1_n_0 | gameTop/gameLogic/raceManager/playerController/sprite0YReg              |               14 |             53 |         3.79 |
|  clock_IBUF_BUFG |                                                                           |                                                                         |               58 |            139 |         2.40 |
+------------------+---------------------------------------------------------------------------+-------------------------------------------------------------------------+------------------+----------------+--------------+


