#-----------------------------------------------------------
# Vivado v2025.1 (64-bit)
# SW Build 6140274 on Thu May 22 00:12:29 MDT 2025
# IP Build 6138677 on Thu May 22 03:10:11 MDT 2025
# SharedData Build 6139179 on Tue May 20 17:58:58 MDT 2025
# Start of session at: Wed Jun 17 12:39:52 2026
# Process ID         : 24516
# Current directory  : C:/Users/Mikkel/Documents/DTU/02113 digital systems design/Racing-game/basys3-racing-game/vivado/Basys3Game/Basys3Game.runs/synth_1
# Command line       : vivado.exe -log Top.vds -product Vivado -mode batch -messageDb vivado.pb -notrace -source Top.tcl
# Log file           : C:/Users/Mikkel/Documents/DTU/02113 digital systems design/Racing-game/basys3-racing-game/vivado/Basys3Game/Basys3Game.runs/synth_1/Top.vds
# Journal file       : C:/Users/Mikkel/Documents/DTU/02113 digital systems design/Racing-game/basys3-racing-game/vivado/Basys3Game/Basys3Game.runs/synth_1\vivado.jou
# Running On         : DESKTOP-0FACVVU
# Platform           : Windows Server 2016 or Windows 10
# Operating System   : 26200
# Processor Detail   : AMD Ryzen 7 7840U w/ Radeon  780M Graphics     
# CPU Frequency      : 3294 MHz
# CPU Physical cores : 8
# CPU Logical cores  : 16
# Host memory        : 33618 MB
# Swap memory        : 2415 MB
# Total Virtual      : 36034 MB
# Available Virtual  : 7149 MB
#-----------------------------------------------------------
source Top.tcl -notrace
