#-----------------------------------------------------------
# Vivado v2025.1 (64-bit)
# SW Build 6140274 on Wed May 21 22:58:25 MDT 2025
# IP Build 6138677 on Thu May 22 03:10:11 MDT 2025
# SharedData Build 6139179 on Tue May 20 17:58:58 MDT 2025
# Start of session at: Tue Jun  9 17:36:32 2026
# Process ID         : 752510
# Current directory  : /home/halfdan/Universitet/02113 Digital Systems Design Project/basys3-racing-game/vivado/Basys3Game/Basys3Game.runs/synth_1
# Command line       : vivado -log Top.vds -product Vivado -mode batch -messageDb vivado.pb -notrace -source Top.tcl
# Log file           : /home/halfdan/Universitet/02113 Digital Systems Design Project/basys3-racing-game/vivado/Basys3Game/Basys3Game.runs/synth_1/Top.vds
# Journal file       : /home/halfdan/Universitet/02113 Digital Systems Design Project/basys3-racing-game/vivado/Basys3Game/Basys3Game.runs/synth_1/vivado.jou
# Running On         : halfdan-VivoBook-ASUSLaptop-X421IAY-R438IA
# Platform           : Linuxmint
# Operating System   : Linux Mint 22.3
# Processor Detail   : AMD Ryzen 5 4500U with Radeon Graphics
# CPU Frequency      : 3979.086 MHz
# CPU Physical cores : 6
# CPU Logical cores  : 6
# Host memory        : 7710 MB
# Swap memory        : 2147 MB
# Total Virtual      : 9858 MB
# Available Virtual  : 2799 MB
#-----------------------------------------------------------
source Top.tcl -notrace
